// Vitest Snapshot v1, https://vitest.dev/guide/snapshot.html

exports[`<FLPModal /> > renders by default as expected 1`] = `"<body data-scroll-lock=""  data-inert=""><div data-aria-hidden="true" aria-hidden="true"><script nonce="">((e,r,s,u,d,m,l,h)=>{let c=document.documentElement,v=["light","dark"];function p(i){(Array.isArray(e)?e:[e]).forEach(y=>{let k=y==="class",S=k&&m?d.map(f=>m[f]||f):d;k?(c.classList.remove(...S),c.classList.add(i)):c.setAttribute(y,i)}),R(i)}function R(i){h&&v.includes(i)&&(c.style.colorScheme=i)}function a(){return window.matchMedia("(prefers-color-scheme: dark)").matches?"dark":"light"}if(u)p(u);else try{let i=localStorage.getItem(r)||s,y=l&&i==="system"?a():i;p(y)}catch(i){}})("class","theme","system",null,["light","dark"],null,true,true)</script><div data-scope="dialog" data-part="backdrop" dir="ltr" id="dialog::r0::backdrop" data-state="open" class="chakra-dialog__backdrop css-1yl0dyg"></div><button data-scope="dialog" data-part="trigger" dir="ltr" id="dialog::r0::trigger" aria-haspopup="dialog" type="button" aria-expanded="true" data-state="open" aria-controls="dialog::r0::content" class="chakra-dialog__trigger css-0"><button type="button" class="chakra-button css-1fwa16t">Trigger</button></button></div><div data-scope="dialog" data-part="backdrop" dir="ltr" id="dialog::r0::backdrop" data-state="open" class="chakra-dialog__backdrop css-1yl0dyg" data-aria-hidden="true" aria-hidden="true"></div><div data-scope="dialog" data-part="positioner" dir="ltr" id="dialog::r0::positioner" class="chakra-dialog__positioner css-1jvjqyi"><div data-scope="dialog" data-part="content" dir="ltr" role="dialog" id="dialog::r0::content" tabindex="-1" data-state="open" aria-modal="true" aria-labelledby="dialog::r0::title" class="chakra-dialog__content css-q8cgdz" ><div class="chakra-dialog__header css-1rldt0e"><h2 data-scope="dialog" data-part="title" dir="ltr" id="dialog::r0::title" class="chakra-dialog__title css-1ka0vat">Modal Title</h2></div><div class="chakra-dialog__body css-aphhdw"><div>Modal Content</div></div><div class="chakra-dialog__footer css-1181ii2"><div class="css-6l0f26"><button type="button" data-group-item="" data-first=""  class="chakra-button css-1wffpj8">close</button><button type="submit" data-group-item="" data-last=""  class="chakra-button css-1fwa16t">Confirm</button></div><button type="button" aria-label="Close" data-scope="dialog" data-part="close-trigger" dir="ltr" id="dialog::r0::close" class="chakra-button chakra-dialog__closeTrigger css-tz8np1"><svg stroke="currentColor" fill="none" stroke-width="2" viewBox="0 0 24 24" stroke-linecap="round" stroke-linejoin="round" height="1em" width="1em" xmlns="http://www.w3.org/2000/svg"><path d="M18 6 6 18"></path><path d="m6 6 12 12"></path></svg></button></div></div></div></body>"`;
