// Vitest Snapshot v1, https://vitest.dev/guide/snapshot.html

exports[`<FLPModal /> > renders by default as expected 1`] = `"<body><div data-aria-hidden=\\"true\\" aria-hidden=\\"true\\"><button type=\\"button\\" class=\\"chakra-button css-1ltlu47\\">Trigger</button></div><div class=\\"chakra-portal\\"><div class=\\"chakra-modal__overlay css-13d1tkw\\"  data-aria-hidden=\\"true\\" aria-hidden=\\"true\\"></div><div data-focus-guard=\\"true\\" tabindex=\\"0\\"  data-aria-hidden=\\"true\\" aria-hidden=\\"true\\"></div><div data-focus-lock-disabled=\\"false\\"><div class=\\"chakra-modal__content-container css-1oxhx2p\\" tabindex=\\"-1\\"><section class=\\"chakra-modal__content css-6yiygt\\" role=\\"dialog\\" id=\\"chakra-modal-:r0:\\" tabindex=\\"-1\\" aria-modal=\\"true\\"  aria-labelledby=\\"chakra-modal--header-:r0:\\" aria-describedby=\\"chakra-modal--body-:r0:\\"><header class=\\"chakra-modal__header css-72fd9l\\" id=\\"chakra-modal--header-:r0:\\">Modal Title</header><button type=\\"button\\" aria-label=\\"Close\\" class=\\"chakra-modal__close-btn css-6sdaxy\\"><svg viewBox=\\"0 0 24 24\\" focusable=\\"false\\" class=\\"chakra-icon css-onkibi\\" aria-hidden=\\"true\\"><path fill=\\"currentColor\\" d=\\"M.439,21.44a1.5,1.5,0,0,0,2.122,2.121L11.823,14.3a.25.25,0,0,1,.354,0l9.262,9.263a1.5,1.5,0,1,0,2.122-2.121L14.3,12.177a.25.25,0,0,1,0-.354l9.263-9.262A1.5,1.5,0,0,0,21.439.44L12.177,9.7a.25.25,0,0,1-.354,0L2.561.44A1.5,1.5,0,0,0,.439,2.561L9.7,11.823a.25.25,0,0,1,0,.354Z\\"></path></svg></button><div class=\\"chakra-modal__body css-0\\" id=\\"chakra-modal--body-:r0:\\"><div>Modal Content</div></div><footer class=\\"chakra-modal__footer css-192qrng\\"><div role=\\"group\\" class=\\"chakra-button__group css-1ind3v2\\" data-orientation=\\"horizontal\\"><button type=\\"button\\" class=\\"chakra-button css-kn8t1u\\">close</button><button type=\\"submit\\" class=\\"chakra-button css-kn8t1u\\">Confirm</button></div></footer></section></div></div><div data-focus-guard=\\"true\\" tabindex=\\"0\\"  data-aria-hidden=\\"true\\" aria-hidden=\\"true\\"></div></div></body>"`;
