// Vitest Snapshot v1, https://vitest.dev/guide/snapshot.html

exports[`<HomeLogo /> > renders as expected 1`] = `
<body>
  <div>
    <script
      nonce=""
    >
      ((e,r,s,u,d,m,l,h)=&gt;
      {let c=document.documentElement,v=["light","dark"];function p(i){(Array.isArray(e)?e:[e]).forEach(y=&gt;
      {let k=y==="class",S=k&&m?d.map(f=&gt;
      m[f]||f):d;k?(c.classList.remove(...S),c.classList.add(i)):c.setAttribute(y,i)}),R(i)}function R(i){h&&v.includes(i)&&(c.style.colorScheme=i)}function a(){return window.matchMedia("(prefers-color-scheme: dark)").matches?"dark":"light"}if(u)p(u);else try{let i=localStorage.getItem(r)||s,y=l&&i==="system"?a():i;p(y)}catch(i){}})("class","theme","system",null,["light","dark"],null,true,true)
    </script>
    <div
      class="home-logo"
    >
      <img
        alt="flump logo"
        height="50"
        src="/images/flump_logo.png"
        width="50"
      />
    </div>
  </div>
</body>
`;
