// Vitest Snapshot v1, https://vitest.dev/guide/snapshot.html

exports[`<AccountDetails /> > should remove year when delete button is clicked 1`] = `
<div>
  <div
    class="chakra-stack css-nn57su"
  >
    <div
      class="chakra-stack css-1igwmid"
    >
      <h3
        class="chakra-heading css-1e3tj"
      >
        2021
      </h3>
      <button
        class="chakra-button css-1ltlu47"
        type="button"
      >
        deleteYear
      </button>
    </div>
    <div
      class="d_flex flex-d_row gap_5"
    >
      <div>
        <p
          class="chakra-text css-au19fy"
        >
          January
        </p>
        <p
          class="chakra-text css-au19fy"
        >
          £1,000
        </p>
      </div>
      <div>
        <p
          class="chakra-text css-au19fy"
        >
          February
        </p>
        <p
          class="chakra-text css-au19fy"
        >
          £1,000
        </p>
      </div>
      <div>
        <p
          class="chakra-text css-au19fy"
        >
          March
        </p>
        <p
          class="chakra-text css-au19fy"
        >
          £1,000
        </p>
      </div>
      <div>
        <p
          class="chakra-text css-au19fy"
        >
          April
        </p>
        <p
          class="chakra-text css-au19fy"
        >
          £1,000
        </p>
      </div>
      <div>
        <p
          class="chakra-text css-au19fy"
        >
          May
        </p>
        <p
          class="chakra-text css-au19fy"
        >
          £1,000
        </p>
      </div>
      <div>
        <p
          class="chakra-text css-au19fy"
        >
          June
        </p>
        <p
          class="chakra-text css-au19fy"
        >
          £1,000
        </p>
      </div>
      <div>
        <p
          class="chakra-text css-au19fy"
        >
          July
        </p>
        <p
          class="chakra-text css-au19fy"
        >
          £1,000
        </p>
      </div>
      <div>
        <p
          class="chakra-text css-au19fy"
        >
          August
        </p>
        <p
          class="chakra-text css-au19fy"
        >
          £1,000
        </p>
      </div>
      <div>
        <p
          class="chakra-text css-au19fy"
        >
          September
        </p>
        <p
          class="chakra-text css-au19fy"
        >
          £1,000
        </p>
      </div>
      <div>
        <p
          class="chakra-text css-au19fy"
        >
          October
        </p>
        <p
          class="chakra-text css-au19fy"
        >
          £1,000
        </p>
      </div>
      <div>
        <p
          class="chakra-text css-au19fy"
        >
          November
        </p>
        <p
          class="chakra-text css-au19fy"
        >
          £1,000
        </p>
      </div>
      <div>
        <p
          class="chakra-text css-au19fy"
        >
          December
        </p>
        <p
          class="chakra-text css-au19fy"
        >
          £1,000
        </p>
      </div>
    </div>
    <div
      class="chakra-stack css-1igwmid"
    >
      <h3
        class="chakra-heading css-1e3tj"
      >
        2023
      </h3>
      <button
        class="chakra-button css-1ltlu47"
        type="button"
      >
        deleteYear
      </button>
    </div>
    <div
      class="d_flex flex-d_row gap_5"
    >
      <div>
        <p
          class="chakra-text css-au19fy"
        >
          January
        </p>
        <p
          class="chakra-text css-au19fy"
        >
          £1,000
        </p>
      </div>
      <div>
        <p
          class="chakra-text css-au19fy"
        >
          February
        </p>
        <p
          class="chakra-text css-au19fy"
        >
          £1,000
        </p>
      </div>
      <div>
        <p
          class="chakra-text css-au19fy"
        >
          March
        </p>
        <p
          class="chakra-text css-au19fy"
        >
          £1,000
        </p>
      </div>
      <div>
        <p
          class="chakra-text css-au19fy"
        >
          April
        </p>
        <p
          class="chakra-text css-au19fy"
        >
          £1,000
        </p>
      </div>
      <div>
        <p
          class="chakra-text css-au19fy"
        >
          May
        </p>
        <p
          class="chakra-text css-au19fy"
        >
          £1,000
        </p>
      </div>
      <div>
        <p
          class="chakra-text css-au19fy"
        >
          June
        </p>
        <p
          class="chakra-text css-au19fy"
        >
          £1,000
        </p>
      </div>
      <div>
        <p
          class="chakra-text css-au19fy"
        >
          July
        </p>
        <p
          class="chakra-text css-au19fy"
        >
          £1,000
        </p>
      </div>
      <div>
        <p
          class="chakra-text css-au19fy"
        >
          August
        </p>
        <p
          class="chakra-text css-au19fy"
        >
          £1,000
        </p>
      </div>
      <div>
        <p
          class="chakra-text css-au19fy"
        >
          September
        </p>
        <p
          class="chakra-text css-au19fy"
        >
          £1,000
        </p>
      </div>
      <div>
        <p
          class="chakra-text css-au19fy"
        >
          October
        </p>
        <p
          class="chakra-text css-au19fy"
        >
          £1,000
        </p>
      </div>
      <div>
        <p
          class="chakra-text css-au19fy"
        >
          November
        </p>
        <p
          class="chakra-text css-au19fy"
        >
          £1,000
        </p>
      </div>
      <div>
        <p
          class="chakra-text css-au19fy"
        >
          December
        </p>
        <p
          class="chakra-text css-au19fy"
        >
          £1,000
        </p>
      </div>
    </div>
  </div>
</div>
`;

exports[`<AccountDetails /> > should render 1`] = `
<div>
  <div
    class="chakra-stack css-nn57su"
  >
    <div
      class="chakra-stack css-1igwmid"
    >
      <h3
        class="chakra-heading css-1e3tj"
      >
        2021
      </h3>
      <button
        class="chakra-button css-1ltlu47"
        type="button"
      >
        deleteYear
      </button>
    </div>
    <div
      class="d_flex flex-d_row gap_5"
    >
      <div>
        <p
          class="chakra-text css-au19fy"
        >
          January
        </p>
        <p
          class="chakra-text css-au19fy"
        >
          £1,000
        </p>
      </div>
      <div>
        <p
          class="chakra-text css-au19fy"
        >
          February
        </p>
        <p
          class="chakra-text css-au19fy"
        >
          £1,000
        </p>
      </div>
      <div>
        <p
          class="chakra-text css-au19fy"
        >
          March
        </p>
        <p
          class="chakra-text css-au19fy"
        >
          £1,000
        </p>
      </div>
      <div>
        <p
          class="chakra-text css-au19fy"
        >
          April
        </p>
        <p
          class="chakra-text css-au19fy"
        >
          £1,000
        </p>
      </div>
      <div>
        <p
          class="chakra-text css-au19fy"
        >
          May
        </p>
        <p
          class="chakra-text css-au19fy"
        >
          £1,000
        </p>
      </div>
      <div>
        <p
          class="chakra-text css-au19fy"
        >
          June
        </p>
        <p
          class="chakra-text css-au19fy"
        >
          £1,000
        </p>
      </div>
      <div>
        <p
          class="chakra-text css-au19fy"
        >
          July
        </p>
        <p
          class="chakra-text css-au19fy"
        >
          £1,000
        </p>
      </div>
      <div>
        <p
          class="chakra-text css-au19fy"
        >
          August
        </p>
        <p
          class="chakra-text css-au19fy"
        >
          £1,000
        </p>
      </div>
      <div>
        <p
          class="chakra-text css-au19fy"
        >
          September
        </p>
        <p
          class="chakra-text css-au19fy"
        >
          £1,000
        </p>
      </div>
      <div>
        <p
          class="chakra-text css-au19fy"
        >
          October
        </p>
        <p
          class="chakra-text css-au19fy"
        >
          £1,000
        </p>
      </div>
      <div>
        <p
          class="chakra-text css-au19fy"
        >
          November
        </p>
        <p
          class="chakra-text css-au19fy"
        >
          £1,000
        </p>
      </div>
      <div>
        <p
          class="chakra-text css-au19fy"
        >
          December
        </p>
        <p
          class="chakra-text css-au19fy"
        >
          £1,000
        </p>
      </div>
    </div>
    <div
      class="chakra-stack css-1igwmid"
    >
      <h3
        class="chakra-heading css-1e3tj"
      >
        2023
      </h3>
      <button
        class="chakra-button css-1ltlu47"
        type="button"
      >
        deleteYear
      </button>
    </div>
    <div
      class="d_flex flex-d_row gap_5"
    >
      <div>
        <p
          class="chakra-text css-au19fy"
        >
          January
        </p>
        <p
          class="chakra-text css-au19fy"
        >
          £1,000
        </p>
      </div>
      <div>
        <p
          class="chakra-text css-au19fy"
        >
          February
        </p>
        <p
          class="chakra-text css-au19fy"
        >
          £1,000
        </p>
      </div>
      <div>
        <p
          class="chakra-text css-au19fy"
        >
          March
        </p>
        <p
          class="chakra-text css-au19fy"
        >
          £1,000
        </p>
      </div>
      <div>
        <p
          class="chakra-text css-au19fy"
        >
          April
        </p>
        <p
          class="chakra-text css-au19fy"
        >
          £1,000
        </p>
      </div>
      <div>
        <p
          class="chakra-text css-au19fy"
        >
          May
        </p>
        <p
          class="chakra-text css-au19fy"
        >
          £1,000
        </p>
      </div>
      <div>
        <p
          class="chakra-text css-au19fy"
        >
          June
        </p>
        <p
          class="chakra-text css-au19fy"
        >
          £1,000
        </p>
      </div>
      <div>
        <p
          class="chakra-text css-au19fy"
        >
          July
        </p>
        <p
          class="chakra-text css-au19fy"
        >
          £1,000
        </p>
      </div>
      <div>
        <p
          class="chakra-text css-au19fy"
        >
          August
        </p>
        <p
          class="chakra-text css-au19fy"
        >
          £1,000
        </p>
      </div>
      <div>
        <p
          class="chakra-text css-au19fy"
        >
          September
        </p>
        <p
          class="chakra-text css-au19fy"
        >
          £1,000
        </p>
      </div>
      <div>
        <p
          class="chakra-text css-au19fy"
        >
          October
        </p>
        <p
          class="chakra-text css-au19fy"
        >
          £1,000
        </p>
      </div>
      <div>
        <p
          class="chakra-text css-au19fy"
        >
          November
        </p>
        <p
          class="chakra-text css-au19fy"
        >
          £1,000
        </p>
      </div>
      <div>
        <p
          class="chakra-text css-au19fy"
        >
          December
        </p>
        <p
          class="chakra-text css-au19fy"
        >
          £1,000
        </p>
      </div>
    </div>
  </div>
</div>
`;

exports[`<AccountDetails /> > should render in edit mode 1`] = `
<div>
  <div
    class="chakra-stack css-nn57su"
  >
    <div
      class="chakra-stack css-1igwmid"
    >
      <h3
        class="chakra-heading css-1e3tj"
      >
        2021
      </h3>
      <button
        class="chakra-button css-1ltlu47"
        type="button"
      >
        deleteYear
      </button>
    </div>
    <div
      class="d_flex flex-d_row gap_5"
    >
      <div>
        <p
          class="chakra-text css-au19fy"
        >
          January
        </p>
        <div
          class="d_flex flex-d_column gap_2"
        >
          <label
            for="2021-January"
            hidden=""
          >
            2021-January
          </label>
          <div>
            <div
              class="css-3a3hw0"
            >
              <input
                class="chakra-input css-v7v99c"
                data-month="1"
                data-year="2021"
                id="2021-January"
                name="amount"
                placeholder="0.00"
                type="number"
                value="1000"
              />
            </div>
          </div>
        </div>
      </div>
      <div>
        <p
          class="chakra-text css-au19fy"
        >
          February
        </p>
        <div
          class="d_flex flex-d_column gap_2"
        >
          <label
            for="2021-February"
            hidden=""
          >
            2021-February
          </label>
          <div>
            <div
              class="css-3a3hw0"
            >
              <input
                class="chakra-input css-v7v99c"
                data-month="2"
                data-year="2021"
                id="2021-February"
                name="amount"
                placeholder="0.00"
                type="number"
                value="1000"
              />
            </div>
          </div>
        </div>
      </div>
      <div>
        <p
          class="chakra-text css-au19fy"
        >
          March
        </p>
        <div
          class="d_flex flex-d_column gap_2"
        >
          <label
            for="2021-March"
            hidden=""
          >
            2021-March
          </label>
          <div>
            <div
              class="css-3a3hw0"
            >
              <input
                class="chakra-input css-v7v99c"
                data-month="3"
                data-year="2021"
                id="2021-March"
                name="amount"
                placeholder="0.00"
                type="number"
                value="1000"
              />
            </div>
          </div>
        </div>
      </div>
      <div>
        <p
          class="chakra-text css-au19fy"
        >
          April
        </p>
        <div
          class="d_flex flex-d_column gap_2"
        >
          <label
            for="2021-April"
            hidden=""
          >
            2021-April
          </label>
          <div>
            <div
              class="css-3a3hw0"
            >
              <input
                class="chakra-input css-v7v99c"
                data-month="4"
                data-year="2021"
                id="2021-April"
                name="amount"
                placeholder="0.00"
                type="number"
                value="1000"
              />
            </div>
          </div>
        </div>
      </div>
      <div>
        <p
          class="chakra-text css-au19fy"
        >
          May
        </p>
        <div
          class="d_flex flex-d_column gap_2"
        >
          <label
            for="2021-May"
            hidden=""
          >
            2021-May
          </label>
          <div>
            <div
              class="css-3a3hw0"
            >
              <input
                class="chakra-input css-v7v99c"
                data-month="5"
                data-year="2021"
                id="2021-May"
                name="amount"
                placeholder="0.00"
                type="number"
                value="1000"
              />
            </div>
          </div>
        </div>
      </div>
      <div>
        <p
          class="chakra-text css-au19fy"
        >
          June
        </p>
        <div
          class="d_flex flex-d_column gap_2"
        >
          <label
            for="2021-June"
            hidden=""
          >
            2021-June
          </label>
          <div>
            <div
              class="css-3a3hw0"
            >
              <input
                class="chakra-input css-v7v99c"
                data-month="6"
                data-year="2021"
                id="2021-June"
                name="amount"
                placeholder="0.00"
                type="number"
                value="1000"
              />
            </div>
          </div>
        </div>
      </div>
      <div>
        <p
          class="chakra-text css-au19fy"
        >
          July
        </p>
        <div
          class="d_flex flex-d_column gap_2"
        >
          <label
            for="2021-July"
            hidden=""
          >
            2021-July
          </label>
          <div>
            <div
              class="css-3a3hw0"
            >
              <input
                class="chakra-input css-v7v99c"
                data-month="7"
                data-year="2021"
                id="2021-July"
                name="amount"
                placeholder="0.00"
                type="number"
                value="1000"
              />
            </div>
          </div>
        </div>
      </div>
      <div>
        <p
          class="chakra-text css-au19fy"
        >
          August
        </p>
        <div
          class="d_flex flex-d_column gap_2"
        >
          <label
            for="2021-August"
            hidden=""
          >
            2021-August
          </label>
          <div>
            <div
              class="css-3a3hw0"
            >
              <input
                class="chakra-input css-v7v99c"
                data-month="8"
                data-year="2021"
                id="2021-August"
                name="amount"
                placeholder="0.00"
                type="number"
                value="1000"
              />
            </div>
          </div>
        </div>
      </div>
      <div>
        <p
          class="chakra-text css-au19fy"
        >
          September
        </p>
        <div
          class="d_flex flex-d_column gap_2"
        >
          <label
            for="2021-September"
            hidden=""
          >
            2021-September
          </label>
          <div>
            <div
              class="css-3a3hw0"
            >
              <input
                class="chakra-input css-v7v99c"
                data-month="9"
                data-year="2021"
                id="2021-September"
                name="amount"
                placeholder="0.00"
                type="number"
                value="1000"
              />
            </div>
          </div>
        </div>
      </div>
      <div>
        <p
          class="chakra-text css-au19fy"
        >
          October
        </p>
        <div
          class="d_flex flex-d_column gap_2"
        >
          <label
            for="2021-October"
            hidden=""
          >
            2021-October
          </label>
          <div>
            <div
              class="css-3a3hw0"
            >
              <input
                class="chakra-input css-v7v99c"
                data-month="10"
                data-year="2021"
                id="2021-October"
                name="amount"
                placeholder="0.00"
                type="number"
                value="1000"
              />
            </div>
          </div>
        </div>
      </div>
      <div>
        <p
          class="chakra-text css-au19fy"
        >
          November
        </p>
        <div
          class="d_flex flex-d_column gap_2"
        >
          <label
            for="2021-November"
            hidden=""
          >
            2021-November
          </label>
          <div>
            <div
              class="css-3a3hw0"
            >
              <input
                class="chakra-input css-v7v99c"
                data-month="11"
                data-year="2021"
                id="2021-November"
                name="amount"
                placeholder="0.00"
                type="number"
                value="1000"
              />
            </div>
          </div>
        </div>
      </div>
      <div>
        <p
          class="chakra-text css-au19fy"
        >
          December
        </p>
        <div
          class="d_flex flex-d_column gap_2"
        >
          <label
            for="2021-December"
            hidden=""
          >
            2021-December
          </label>
          <div>
            <div
              class="css-3a3hw0"
            >
              <input
                class="chakra-input css-v7v99c"
                data-month="12"
                data-year="2021"
                id="2021-December"
                name="amount"
                placeholder="0.00"
                type="number"
                value="1000"
              />
            </div>
          </div>
        </div>
      </div>
    </div>
    <div
      class="chakra-stack css-1igwmid"
    >
      <h3
        class="chakra-heading css-1e3tj"
      >
        2023
      </h3>
      <button
        class="chakra-button css-1ltlu47"
        type="button"
      >
        deleteYear
      </button>
    </div>
    <div
      class="d_flex flex-d_row gap_5"
    >
      <div>
        <p
          class="chakra-text css-au19fy"
        >
          January
        </p>
        <div
          class="d_flex flex-d_column gap_2"
        >
          <label
            for="2023-January"
            hidden=""
          >
            2023-January
          </label>
          <div>
            <div
              class="css-3a3hw0"
            >
              <input
                class="chakra-input css-v7v99c"
                data-month="1"
                data-year="2023"
                id="2023-January"
                name="amount"
                placeholder="0.00"
                type="number"
                value="1000"
              />
            </div>
          </div>
        </div>
      </div>
      <div>
        <p
          class="chakra-text css-au19fy"
        >
          February
        </p>
        <div
          class="d_flex flex-d_column gap_2"
        >
          <label
            for="2023-February"
            hidden=""
          >
            2023-February
          </label>
          <div>
            <div
              class="css-3a3hw0"
            >
              <input
                class="chakra-input css-v7v99c"
                data-month="2"
                data-year="2023"
                id="2023-February"
                name="amount"
                placeholder="0.00"
                type="number"
                value="1000"
              />
            </div>
          </div>
        </div>
      </div>
      <div>
        <p
          class="chakra-text css-au19fy"
        >
          March
        </p>
        <div
          class="d_flex flex-d_column gap_2"
        >
          <label
            for="2023-March"
            hidden=""
          >
            2023-March
          </label>
          <div>
            <div
              class="css-3a3hw0"
            >
              <input
                class="chakra-input css-v7v99c"
                data-month="3"
                data-year="2023"
                id="2023-March"
                name="amount"
                placeholder="0.00"
                type="number"
                value="1000"
              />
            </div>
          </div>
        </div>
      </div>
      <div>
        <p
          class="chakra-text css-au19fy"
        >
          April
        </p>
        <div
          class="d_flex flex-d_column gap_2"
        >
          <label
            for="2023-April"
            hidden=""
          >
            2023-April
          </label>
          <div>
            <div
              class="css-3a3hw0"
            >
              <input
                class="chakra-input css-v7v99c"
                data-month="4"
                data-year="2023"
                id="2023-April"
                name="amount"
                placeholder="0.00"
                type="number"
                value="1000"
              />
            </div>
          </div>
        </div>
      </div>
      <div>
        <p
          class="chakra-text css-au19fy"
        >
          May
        </p>
        <div
          class="d_flex flex-d_column gap_2"
        >
          <label
            for="2023-May"
            hidden=""
          >
            2023-May
          </label>
          <div>
            <div
              class="css-3a3hw0"
            >
              <input
                class="chakra-input css-v7v99c"
                data-month="5"
                data-year="2023"
                id="2023-May"
                name="amount"
                placeholder="0.00"
                type="number"
                value="1000"
              />
            </div>
          </div>
        </div>
      </div>
      <div>
        <p
          class="chakra-text css-au19fy"
        >
          June
        </p>
        <div
          class="d_flex flex-d_column gap_2"
        >
          <label
            for="2023-June"
            hidden=""
          >
            2023-June
          </label>
          <div>
            <div
              class="css-3a3hw0"
            >
              <input
                class="chakra-input css-v7v99c"
                data-month="6"
                data-year="2023"
                id="2023-June"
                name="amount"
                placeholder="0.00"
                type="number"
                value="1000"
              />
            </div>
          </div>
        </div>
      </div>
      <div>
        <p
          class="chakra-text css-au19fy"
        >
          July
        </p>
        <div
          class="d_flex flex-d_column gap_2"
        >
          <label
            for="2023-July"
            hidden=""
          >
            2023-July
          </label>
          <div>
            <div
              class="css-3a3hw0"
            >
              <input
                class="chakra-input css-v7v99c"
                data-month="7"
                data-year="2023"
                id="2023-July"
                name="amount"
                placeholder="0.00"
                type="number"
                value="1000"
              />
            </div>
          </div>
        </div>
      </div>
      <div>
        <p
          class="chakra-text css-au19fy"
        >
          August
        </p>
        <div
          class="d_flex flex-d_column gap_2"
        >
          <label
            for="2023-August"
            hidden=""
          >
            2023-August
          </label>
          <div>
            <div
              class="css-3a3hw0"
            >
              <input
                class="chakra-input css-v7v99c"
                data-month="8"
                data-year="2023"
                id="2023-August"
                name="amount"
                placeholder="0.00"
                type="number"
                value="1000"
              />
            </div>
          </div>
        </div>
      </div>
      <div>
        <p
          class="chakra-text css-au19fy"
        >
          September
        </p>
        <div
          class="d_flex flex-d_column gap_2"
        >
          <label
            for="2023-September"
            hidden=""
          >
            2023-September
          </label>
          <div>
            <div
              class="css-3a3hw0"
            >
              <input
                class="chakra-input css-v7v99c"
                data-month="9"
                data-year="2023"
                id="2023-September"
                name="amount"
                placeholder="0.00"
                type="number"
                value="1000"
              />
            </div>
          </div>
        </div>
      </div>
      <div>
        <p
          class="chakra-text css-au19fy"
        >
          October
        </p>
        <div
          class="d_flex flex-d_column gap_2"
        >
          <label
            for="2023-October"
            hidden=""
          >
            2023-October
          </label>
          <div>
            <div
              class="css-3a3hw0"
            >
              <input
                class="chakra-input css-v7v99c"
                data-month="10"
                data-year="2023"
                id="2023-October"
                name="amount"
                placeholder="0.00"
                type="number"
                value="1000"
              />
            </div>
          </div>
        </div>
      </div>
      <div>
        <p
          class="chakra-text css-au19fy"
        >
          November
        </p>
        <div
          class="d_flex flex-d_column gap_2"
        >
          <label
            for="2023-November"
            hidden=""
          >
            2023-November
          </label>
          <div>
            <div
              class="css-3a3hw0"
            >
              <input
                class="chakra-input css-v7v99c"
                data-month="11"
                data-year="2023"
                id="2023-November"
                name="amount"
                placeholder="0.00"
                type="number"
                value="1000"
              />
            </div>
          </div>
        </div>
      </div>
      <div>
        <p
          class="chakra-text css-au19fy"
        >
          December
        </p>
        <div
          class="d_flex flex-d_column gap_2"
        >
          <label
            for="2023-December"
            hidden=""
          >
            2023-December
          </label>
          <div>
            <div
              class="css-3a3hw0"
            >
              <input
                class="chakra-input css-v7v99c"
                data-month="12"
                data-year="2023"
                id="2023-December"
                name="amount"
                placeholder="0.00"
                type="number"
                value="1000"
              />
            </div>
          </div>
        </div>
      </div>
    </div>
  </div>
</div>
`;
