// Vitest Snapshot v1, https://vitest.dev/guide/snapshot.html

exports[`<EditAccountDialogBtn > should render edit account dialog when trigger button is clicked 1`] = `
<body
  style=""
>
  <div>
    <button
      aria-controls="dialog::r0::content"
      aria-expanded="false"
      aria-haspopup="dialog"
      class="chakra-button css-4xx2wk"
      data-part="trigger"
      data-scope="dialog"
      data-state="closed"
      id="dialog::r0::trigger"
      type="button"
    >
      edit
    </button>
  </div>
</body>
`;
